2025-05-01 16:38:55 info: 服务已启动，监听端口 3168
2025-05-01 16:39:42 error: 处理请求失败: 未找到表 undefined 的映射配置
2025-05-01 16:41:45 info: 服务已启动，监听端口 3168
2025-05-01 16:43:11 info: 服务已启动，监听端口 3168
2025-05-01 17:16:51 info: 服务已启动，监听端口 3168
2025-05-01 17:17:09 error: 更新数据失败: 数据不存在或已经删除
2025-05-01 17:17:09 error: 处理请求失败: 数据不存在或已经删除
2025-05-01 20:02:23 info: 服务已启动，监听端口 3168
2025-05-01 20:05:01 info: 服务已启动，监听端口 3168
2025-05-01 20:08:46 error: 处理请求失败: 未找到表 user2 的映射配置
2025-05-01 20:08:55 error: 处理请求失败: 未找到表 user2 的映射配置
2025-05-01 20:09:01 info: 服务已启动，监听端口 3168
2025-05-01 20:11:46 info: 服务已启动，监听端口 3168
2025-05-01 20:11:50 info: 接收到请求: tableName=user2, rowId=9e9a6627-233e-4b4c-93ed-9060a1102d42, 数据字段数=5
2025-05-01 20:11:50 info: 开始更新数据，表名: user2, worksheetId: yonghubiao2, rowId: 9e9a6627-233e-4b4c-93ed-9060a1102d42
2025-05-01 20:11:50 info: 更新数据成功，表名: user2, rowId: 9e9a6627-233e-4b4c-93ed-9060a1102d42
2025-05-01 20:11:59 info: 服务已启动，监听端口 3168
2025-05-01 20:12:01 info: 接收到请求: tableName=user2, rowId=9e9a6627-233e-4b4c-93ed-9060a1102d42, 数据字段数=5
2025-05-01 20:12:01 info: 开始更新数据，表名: user2, worksheetId: yonghubiao2, rowId: 9e9a6627-233e-4b4c-93ed-9060a1102d42
2025-05-01 20:12:01 info: 更新数据成功，表名: user2, rowId: 9e9a6627-233e-4b4c-93ed-9060a1102d42
2025-05-01 20:12:27 info: 接收到请求: tableName=user, rowId=无, 数据字段数=5
2025-05-01 20:12:27 info: 开始新增数据，表名: user, worksheetId: yonghubiao
2025-05-01 20:12:28 info: 新增数据成功，表名: user, 新记录ID: 809c1f06-14c4-40f7-ba66-6aff98589b5a
2025-05-01 20:49:54 info: 服务已启动，监听端口 3168
2025-05-01 20:50:03 info: 接收到请求: tableName=user, rowId=809c1f06-14c4-40f7-ba66-6aff98589b5a, 数据字段数=5
2025-05-01 20:50:03 error: 获取工作表结构失败: Unexpected character encountered while parsing value: {. Path 'worksheetId', line 1, position 142. After parsing a value an unexpected character was encountered: :. Path 'worksheetId', line 1, position 155.
2025-05-01 20:50:03 error: 处理请求失败: Unexpected character encountered while parsing value: {. Path 'worksheetId', line 1, position 142. After parsing a value an unexpected character was encountered: :. Path 'worksheetId', line 1, position 155.
2025-05-01 20:51:23 info: 服务已启动，监听端口 3168
2025-05-01 20:51:26 info: 接收到请求: tableName=user, rowId=809c1f06-14c4-40f7-ba66-6aff98589b5a, 数据字段数=5
2025-05-01 20:51:26 error: 处理请求失败: 未找到表 [object Object] 的映射配置
2025-05-01 20:55:21 info: 服务已启动，监听端口 3168
2025-05-01 20:55:24 info: 接收到请求: tableName=user, rowId=809c1f06-14c4-40f7-ba66-6aff98589b5a, 数据字段数=5
2025-05-01 20:55:24 info: 获取工作表结构，表名: user, worksheetId: yonghubiao
2025-05-01 20:55:24 info: 开始更新数据，表名: user, rowId: 809c1f06-14c4-40f7-ba66-6aff98589b5a
2025-05-01 20:55:24 info: 更新数据，表名: user, worksheetId: yonghubiao, rowId: 809c1f06-14c4-40f7-ba66-6aff98589b5a
2025-05-01 20:55:24 info: 更新数据成功，表名: user, rowId: 809c1f06-14c4-40f7-ba66-6aff98589b5a
2025-05-01 20:55:31 info: 接收到请求: tableName=user, rowId=无, 数据字段数=5
2025-05-01 20:55:31 info: 开始新增数据，表名: user
2025-05-01 20:55:31 info: 新增数据，表名: user, worksheetId: yonghubiao
2025-05-01 20:55:31 info: 新增数据成功，表名: user, 新记录ID: 6dc6cac6-0008-4036-a2df-703f5bb497d7
2025-05-01 20:56:03 info: 接收到请求: tableName=user, rowId=无, 数据字段数=5
2025-05-01 20:56:03 info: 开始新增数据，表名: user
2025-05-01 20:56:03 info: 新增数据，表名: user, worksheetId: yonghubiao
2025-05-01 20:56:03 info: 新增数据成功，表名: user, 新记录ID: 78495db2-4441-4344-a87a-c90eb798ed4c
2025-05-01 20:56:10 info: 接收到请求: tableName=user, rowId=无, 数据字段数=5
2025-05-01 20:56:10 info: 开始新增数据，表名: user
2025-05-01 20:56:10 info: 新增数据，表名: user, worksheetId: yonghubiao
2025-05-01 20:56:10 info: 新增数据成功，表名: user, 新记录ID: 6c7952d1-bbc9-4b09-90ca-4a5333f4fc01
2025-05-01 20:56:23 info: 接收到请求: tableName=user, rowId=6c7952d1-bbc9-4b09-90ca-4a5333f4fc01, 数据字段数=5
2025-05-01 20:56:23 info: 开始更新数据，表名: user, rowId: 6c7952d1-bbc9-4b09-90ca-4a5333f4fc01
2025-05-01 20:56:23 info: 更新数据，表名: user, worksheetId: yonghubiao, rowId: 6c7952d1-bbc9-4b09-90ca-4a5333f4fc01
2025-05-01 20:56:33 error: 更新数据失败，表名: user, worksheetId: yonghubiao, rowId: 6c7952d1-bbc9-4b09-90ca-4a5333f4fc01: timeout of 10000ms exceeded
2025-05-01 20:56:33 error: 处理请求失败: timeout of 10000ms exceeded
2025-05-01 20:56:37 info: 接收到请求: tableName=user, rowId=6c7952d1-bbc9-4b09-90ca-4a5333f4fc01, 数据字段数=5
2025-05-01 20:56:37 info: 开始更新数据，表名: user, rowId: 6c7952d1-bbc9-4b09-90ca-4a5333f4fc01
2025-05-01 20:56:37 info: 更新数据，表名: user, worksheetId: yonghubiao, rowId: 6c7952d1-bbc9-4b09-90ca-4a5333f4fc01
2025-05-01 20:56:38 info: 更新数据成功，表名: user, rowId: 6c7952d1-bbc9-4b09-90ca-4a5333f4fc01
2025-05-01 20:56:49 info: 接收到请求: tableName=user2, rowId=6c7952d1-bbc9-4b09-90ca-4a5333f4fc01, 数据字段数=5
2025-05-01 20:56:49 info: 获取工作表结构，表名: user2, worksheetId: yonghubiao2
2025-05-01 20:56:49 info: 开始更新数据，表名: user2, rowId: 6c7952d1-bbc9-4b09-90ca-4a5333f4fc01
2025-05-01 20:56:49 info: 更新数据，表名: user2, worksheetId: yonghubiao2, rowId: 6c7952d1-bbc9-4b09-90ca-4a5333f4fc01
2025-05-01 20:56:49 error: 更新数据失败，表名: user2, worksheetId: yonghubiao2, rowId: 6c7952d1-bbc9-4b09-90ca-4a5333f4fc01: 数据不存在或已经删除
2025-05-01 20:56:49 error: 处理请求失败: 数据不存在或已经删除
2025-05-01 20:56:55 info: 接收到请求: tableName=user2, rowId=无, 数据字段数=5
2025-05-01 20:56:55 info: 开始新增数据，表名: user2
2025-05-01 20:56:55 info: 新增数据，表名: user2, worksheetId: yonghubiao2
2025-05-01 20:56:55 info: 新增数据成功，表名: user2, 新记录ID: 6b001f2f-472e-447b-ac60-7e93fecc36b3
2025-05-02 09:23:48 info: 从配置文件加载配置: /Users/zhangxiaoming/Documents/十年一剑/000_AIGC/MingDaoYun/insertOrUpdate/config.json
2025-05-02 09:23:48 info: 服务已启动，监听端口 3168
2025-05-02 09:23:59 info: 接收到请求: tableName=user2, rowId=无, 数据字段数=5
2025-05-02 09:23:59 info: 获取工作表结构，表名: user2, worksheetId: yonghubiao2
2025-05-02 09:23:59 info: 开始新增数据，表名: user2
2025-05-02 09:23:59 info: 新增数据，表名: user2, worksheetId: yonghubiao2
2025-05-02 09:23:59 info: 新增数据成功，表名: user2, 新记录ID: a8caeb7e-3ccf-478b-afd3-826137726b20
2025-05-02 09:24:09 info: 接收到请求: tableName=user2, rowId=a8caeb7e-3ccf-478b-afd3-826137726b20, 数据字段数=5
2025-05-02 09:24:09 info: 开始更新数据，表名: user2, rowId: a8caeb7e-3ccf-478b-afd3-826137726b20
2025-05-02 09:24:09 info: 更新数据，表名: user2, worksheetId: yonghubiao2, rowId: a8caeb7e-3ccf-478b-afd3-826137726b20
2025-05-02 09:24:09 info: 更新数据成功，表名: user2, rowId: a8caeb7e-3ccf-478b-afd3-826137726b20
2025-05-02 09:30:31 info: 从配置文件加载配置: /Users/zhangxiaoming/Documents/十年一剑/000_AIGC/MingDaoYun/insertOrUpdate/config.json
2025-05-02 09:30:31 info: 服务已启动，监听端口 3168
2025-05-02 09:30:47 info: 接收到请求: tableName=user2, rowId=a8caeb7e-3ccf-478b-afd3-826137726b20, 数据字段数=5
2025-05-02 09:30:47 info: 获取工作表结构，表名: user2, worksheetId: yonghubiao2
2025-05-02 09:30:47 info: 开始更新数据，表名: user2, rowId: a8caeb7e-3ccf-478b-afd3-826137726b20
2025-05-02 09:30:47 info: 更新数据，表名: user2, worksheetId: yonghubiao2, rowId: a8caeb7e-3ccf-478b-afd3-826137726b20
2025-05-02 09:30:47 info: 更新数据成功，表名: user2, rowId: a8caeb7e-3ccf-478b-afd3-826137726b20
2025-05-02 09:30:48 info: 接收到请求: tableName=user2, rowId=a8caeb7e-3ccf-478b-afd3-826137726b20, 数据字段数=5
2025-05-02 09:30:48 info: 开始更新数据，表名: user2, rowId: a8caeb7e-3ccf-478b-afd3-826137726b20
2025-05-02 09:30:48 info: 更新数据，表名: user2, worksheetId: yonghubiao2, rowId: a8caeb7e-3ccf-478b-afd3-826137726b20
2025-05-02 09:30:48 info: 更新数据成功，表名: user2, rowId: a8caeb7e-3ccf-478b-afd3-826137726b20
2025-05-02 09:30:54 info: 接收到请求: tableName=user, rowId=a8caeb7e-3ccf-478b-afd3-826137726b20, 数据字段数=5
2025-05-02 09:30:54 info: 获取工作表结构，表名: user, worksheetId: yonghubiao
2025-05-02 09:30:55 info: 开始更新数据，表名: user, rowId: a8caeb7e-3ccf-478b-afd3-826137726b20
2025-05-02 09:30:55 info: 更新数据，表名: user, worksheetId: yonghubiao, rowId: a8caeb7e-3ccf-478b-afd3-826137726b20
2025-05-02 09:30:55 error: 更新数据失败，表名: user, worksheetId: yonghubiao, rowId: a8caeb7e-3ccf-478b-afd3-826137726b20: 数据不存在或已经删除
2025-05-02 09:30:55 error: 处理请求失败: 数据不存在或已经删除
2025-05-02 09:31:00 info: 接收到请求: tableName=user, rowId=无, 数据字段数=5
2025-05-02 09:31:00 info: 开始新增数据，表名: user
2025-05-02 09:31:00 info: 新增数据，表名: user, worksheetId: yonghubiao
2025-05-02 09:31:01 info: 新增数据成功，表名: user, 新记录ID: 629dcf64-bdd0-4514-bd45-e233ef532fa2
